// Jest Snapshot v1, https://goo.gl/fbAQLP

exports[`NewDictionary component should render snapshot with default values 1`] = `
<tr>
  <td
    className="p-relative"
    colSpan={2}
  >
    <input
      onChange={[Function]}
      onFocus={[Function]}
      placeholder="Name"
      type="string"
      value=""
    />
  </td>
  <td>
    <input
      onClick={[Function]}
      type="button"
      value="Add dictionary"
    />
  </td>
</tr>
`;
