// Jest Snapshot v1, https://goo.gl/fbAQLP

exports[`NewTranslation component should render snapshot with default values 1`] = `
<tr>
  <td
    style={
      Object {
        "width": "40%",
      }
    }
  >
    <input
      name="domain"
      onChange={[Function]}
      placeholder="Domain"
      type="text"
      value=""
    />
  </td>
  <td
    style={
      Object {
        "width": "40%",
      }
    }
  >
    <input
      name="range"
      onChange={[Function]}
      placeholder="Range"
      type="text"
      value=""
    />
  </td>
  <td
    style={
      Object {
        "width": "20%",
      }
    }
  >
    <input
      onClick={[Function]}
      type="button"
      value="Add translation"
    />
  </td>
</tr>
`;
